digraph {
  "exe:proj/dune:0" [label="prog1",shape=diamond]
  "exe:proj/dune:1" [label="prog2",shape=diamond]
  "exe:proj/dune:2" [label="prog3",shape=diamond]
  "lib:ext2" [label="ext2",style=filled]
  "lib:ext3" [label="ext3",style=filled]
  "lib:lib2" [label="lib2"]
  "lib:lib3" [label="lib3",style=bold]
  "lib:lib4" [label="lib4"]
  "lib:lib5" [label="lib5",style=bold]
  "lib:priv_lib1" [label="priv_lib1"]
  "exe:proj/dune:0" -> "lib:priv_lib1"
  "exe:proj/dune:0" -> "lib:lib2"
  "exe:proj/dune:0" -> "lib:lib3"
  "exe:proj/dune:1" -> "lib:priv_lib1"
  "exe:proj/dune:1" -> "lib:lib3"
  "exe:proj/dune:2" -> "lib:priv_lib1"
  "exe:proj/dune:2" -> "lib:lib3"
  "lib:lib2" -> "lib:lib4"
  "lib:lib2" -> "lib:lib5"
  "lib:lib2" -> "lib:ext2"
  "lib:lib3" -> "lib:lib4"
  "lib:lib3" -> "lib:lib5"
  "lib:lib3" -> "lib:ext2"
  "lib:lib4" -> "lib:priv_lib1"
  "lib:lib4" -> "lib:ext3"
  "lib:lib5" -> "lib:priv_lib1"
  "lib:lib5" -> "lib:ext3"
}
